exports[`Toolbar component should be rendered correctly 1`] = `
<div
  className="pho-toolbar"
  role="toolbar">
  
</div>
`;
